C:\Users\Baptiste\Documents\ENSEA\3D\S10_011_Projet\IDE\lpcxpresso55s69_led_blinky_led\device/LPC55S69_cm33_core0.h:31212:24:Chip_GetVersion	16	static
C:\Users\Baptiste\Documents\ENSEA\3D\S10_011_Projet\IDE\lpcxpresso55s69_led_blinky_led\drivers/fsl_clock.h:983:20:CLOCK_EnableClock	24	static
C:\Users\Baptiste\Documents\ENSEA\3D\S10_011_Projet\IDE\lpcxpresso55s69_led_blinky_led\drivers/fsl_iocon.h:182:22:IOCON_PinMuxSet	24	static
../board/pin_mux.c:39:6:BOARD_InitBootPins	8	static
../board/pin_mux.c:73:6:BOARD_InitPins	32	static
