../drivers/fsl_usart.h:474:20:USART_EnableTxDMA	16	static
../drivers/fsl_usart.h:489:20:USART_EnableRxDMA	16	static
../drivers/fsl_dma.h:414:20:DMA_EnableChannel	16	static
../drivers/fsl_dma.h:426:20:DMA_DisableChannel	16	static
../drivers/fsl_usart_cmsis.c:120:16:USART_CommonControl	64	static
../drivers/fsl_usart_cmsis.c:234:27:USARTx_GetVersion	16	static
../drivers/fsl_usart_cmsis.c:239:31:USARTx_GetCapabilities	4	static
../drivers/fsl_usart_cmsis.c:244:16:USARTx_SetModemControl	16	static
../drivers/fsl_usart_cmsis.c:249:31:USARTx_GetModemStatus	16	static
../drivers/fsl_usart_cmsis.c:273:13:KSDK_USART_DmaCallback	32	static
../drivers/fsl_usart_cmsis.c:298:16:USART_DmaInitialize	16	static
../drivers/fsl_usart_cmsis.c:309:16:USART_DmaUninitialize	16	static
../drivers/fsl_usart_cmsis.c:315:16:USART_DmaPowerControl	56	static
../drivers/fsl_usart_cmsis.c:374:16:USART_DmaSend	40	static
../drivers/fsl_usart_cmsis.c:404:16:USART_DmaReceive	40	static
../drivers/fsl_usart_cmsis.c:434:16:USART_DmaTransfer	24	static
../drivers/fsl_usart_cmsis.c:443:17:USART_DmaGetTxCount	24	static
../drivers/fsl_usart_cmsis.c:456:17:USART_DmaGetRxCount	24	static
../drivers/fsl_usart_cmsis.c:468:16:USART_DmaControl	32	static
../drivers/fsl_usart_cmsis.c:513:25:USART_DmaGetStatus	24	static
../drivers/fsl_usart_cmsis.c:842:16:USART0_DmaInitialize	16	static
../drivers/fsl_usart_cmsis.c:850:16:USART0_DmaUninitialize	8	static
../drivers/fsl_usart_cmsis.c:858:16:USART0_DmaPowerControl	16	static
../drivers/fsl_usart_cmsis.c:863:16:USART0_DmaSend	16	static
../drivers/fsl_usart_cmsis.c:868:16:USART0_DmaReceive	16	static
../drivers/fsl_usart_cmsis.c:873:16:USART0_DmaTransfer	24	static
../drivers/fsl_usart_cmsis.c:878:17:USART0_DmaGetTxCount	8	static
../drivers/fsl_usart_cmsis.c:883:17:USART0_DmaGetRxCount	8	static
../drivers/fsl_usart_cmsis.c:888:16:USART0_DmaControl	16	static
../drivers/fsl_usart_cmsis.c:893:25:USART0_DmaGetStatus	8	static
