C:\Users\Baptiste\Documents\ENSEA\3D\S10_011_Projet\IDE\lpcxpresso55s69_led_blinky_led\CMSIS/core_cm33.h:2324:22:__NVIC_SetPriority	16	static
C:\Users\Baptiste\Documents\ENSEA\3D\S10_011_Projet\IDE\lpcxpresso55s69_led_blinky_led\CMSIS/core_cm33.h:2773:26:SysTick_Config	16	static
C:\Users\Baptiste\Documents\ENSEA\3D\S10_011_Projet\IDE\lpcxpresso55s69_led_blinky_led\drivers/fsl_gpio.h:172:24:GPIO_PinRead	24	static
C:\Users\Baptiste\Documents\ENSEA\3D\S10_011_Projet\IDE\lpcxpresso55s69_led_blinky_led\drivers/fsl_gpio.h:186:20:GPIO_PortSet	24	static
C:\Users\Baptiste\Documents\ENSEA\3D\S10_011_Projet\IDE\lpcxpresso55s69_led_blinky_led\drivers/fsl_gpio.h:198:20:GPIO_PortClear	24	static
C:\Users\Baptiste\Documents\ENSEA\3D\S10_011_Projet\IDE\lpcxpresso55s69_led_blinky_led\drivers/fsl_gpio.h:210:20:GPIO_PortToggle	24	static
C:\Users\Baptiste\Documents\ENSEA\3D\S10_011_Projet\IDE\lpcxpresso55s69_led_blinky_led\drivers/fsl_power.h:398:20:POWER_SetBodVbatLevel	16	static
../source/led_blinky.c:39:6:SysTick_Handler	4	static
../source/led_blinky.c:47:6:SysTick_DelayTicks	16	static
../source/led_blinky.c:58:5:main	8	static
